Microchip MPLAB XC8 Compiler V3.10

Linker command line:

-W-3 \
  --edf=C:\Program Files\Microchip\xc8\v3.10\pic\dat\20250813170317_en.msgs \
  -cn -h+dist/default/production\carBlackBox.X.production.sym \
  --cmf=dist/default/production\carBlackBox.X.production.cmf -z -Q16F877A \
  -oC:\Users\LENOVO\AppData\Local\Temp\xcAsapw.0\driver_tmp_3.o \
  --defsym=__MPLAB_BUILD=1 --fixupoverflow=error \
  -Mdist/default/production/carBlackBox.X.production.map \
  --md=C:\Users\LENOVO\AppData\Local\Temp\xcAsapw.0\driver_tmp_0.dat -E1 \
  -ver=XC8 Compiler -ACODE=00h-07FFhx4 -ASTRCODE=00h-01FFFh \
  -ASTRING=00h-0FFhx32 -ACONST=00h-0FFhx32 -AENTRY=00h-0FFhx32 \
  -ACOMMON=070h-07Fh -ABANK0=020h-06Fh -ABANK1=0A0h-0EFh \
  -ABANK2=0110h-016Fh -ABANK3=0190h-01EFh \
  -ARAM=020h-06Fh,0A0h-0EFh,0110h-016Fh,0190h-01EFh \
  -AABS1=020h-07Fh,0A0h-0EFh,0110h-016Fh,0190h-01EFh -ASFR0=00h-01Fh \
  -ASFR1=080h-09Fh -ASFR2=0100h-010Fh -ASFR3=0180h-018Fh \
  -ACONFIG=02007h-02007h -DCONFIG=2 -AIDLOC=02000h-02003h -DIDLOC=2 \
  -AEEDATA=00h-0FFh/02100h -peeprom_data=EEDATA -DEEDATA=2 -DCODE=2 \
  -DSTRCODE=2 -DSTRING=2 -DCONST=2 -DENTRY=2 \
  -preset_vec=00h,intentry=04h,sivt,init,end_init -ppowerup=CODE \
  -pcinit=CODE -pfunctab=ENTRY -k \
  C:\Users\LENOVO\AppData\Local\Temp\xcAsapw.0\driver_tmp_12.o \
  dist/default/production\carBlackBox.X.production.o 

Object code version is 3.11

Machine type is 16F877A



                Name                               Link     Load   Length Selector   Space Scale
C:\Users\LENOVO\AppData\Local\Temp\xcAsapw.0\driver_tmp_12.o
                end_init                              C        C        3        8       0
                reset_vec                             0        0        3        0       0
                config                             2007     2007        1        0       4
                idloc                              2000     2000        4        0       5
dist/default/production\carBlackBox.X.production.o
                cinit                                 F        F       3D        8       0
                intentry                              4        4        8        8       0
                config                             2007     2007        1        0       4
                idloc                              2000     2000        4        0       5
                text51                             1632     1632       50     2C64       0
                text50                             159F     159F       44     2B3E       0
                text49                             1316     1316       20     262C       0
                text48                             14CC     14CC       33     2998       0
                text47                             12CD     12CD       15     259A       0
                text46                             1281     1281       12     2502       0
                text45                             1274     1274        D     24E8       0
                text44                             122E     122E        9     245C       0
                text43                             1237     1237        9     246E       0
                text42                             1253     1253        B     24A6       0
                text41                             12F8     12F8       1E     25F0       0
                text40                             15E3     15E3       4F     2BC6       0
                text39                              B61      B61      157     16C2       0
                text38                              85F      85F       65     10BE       0
                text37                              806      806       59     100C       0
                text36                             1336     1336       21     266C       0
                text35                             1240     1240        9     2480       0
                text34                             13E5     13E5       2B     27CA       0
                text33                              CB8      CB8      19D     1970       0
                text32                             14FF     14FF       34     29FE       0
                text31                             1410     1410       2B     2820       0
                text30                             173A     173A       63     2E74       0
                text29                             16D8     16D8       62     2DB0       0
                text28                             1682     1682       56     2D04       0
                text27                             125E     125E        B     24BC       0
                text26                              AC4      AC4       9D     1588       0
                text25                             1293     1293       13     2526       0
                text24                             1468     1468       32     28D0       0
                text23                              788      788       71      DAE       0
                text22                              7F9      7F9        7      DAE       0
                text21                             179D     179D       63     2F3A       0
                text20                             1269     1269        B     24D2       0
                text19                              800      800        6      DAE       0
                text18                             1399     1399       24     2732       0
                text17                             12B9     12B9       14     2572       0
                text16                              8C4      8C4       66     1188       0
                text15                             1533     1533       34     2A66       0
                text14                             1249     1249        A     2492       0
                text13                             149A     149A       32     2934       0
                text12                             13BD     13BD       28     277A       0
                text11                              4B6      4B6       45        8       0
                text10                             143B     143B       2D     2876       0
                text9                              1567     1567       38     2ACE       0
                text8                               92A      92A       7F     1254       0
                text7                               407      407       AF        8       0
                text6                              1357     1357       21     26AE       0
                text5                               A32      A32       92     1464       0
                text4                              1378     1378       21     26F0       0
                text3                               E55      E55      1AB     1CAA       0
                text2                               6D7      6D7       B1      DAE       0
                text1                               9A9      9A9       89     1352       0
                maintext                             4C       4C      3BB        8       0
                cstackBANK0                          45       45       1C       20       1
                cstackCOMMON                         70       70        7       70       1
                cstackBANK1                          DE       DE        C       A0       1
                clrtext                            1226     1226        8     244C       0
                inittext                           12A6     12A6       13     254C       0
                dataBANK1                            C8       C8       16       A0       1
                bssBANK1                             A0       A0       28       A0       1
                dataBANK0                            61       61        5       20       1
                bssBANK0                             20       20       25       20       1
                dataCOMMON                           79       79        2       70       1
                bssCOMMON                            77       77        2       70       1
                stringtext                          500      500      1D7        A       0
                strings                            1000     1000       12     2000       0
                idataBANK1                         12E2     12E2       16     25C4       0
                idataBANK0                          4FB      4FB        5        8       0
                idataCOMMON                        1224     1224        2     2448       0

TOTAL           Name                               Link     Load   Length     Space
        CLASS   CODE           
                end_init                              C        C        3         0
                cinit                                 F        F       3D         0
                intentry                              4        4        8         0
                reset_vec                             0        0        3         0
                text51                             1632     1632       50         0
                text50                             159F     159F       44         0
                text49                             1316     1316       20         0
                text48                             14CC     14CC       33         0
                text47                             12CD     12CD       15         0
                text46                             1281     1281       12         0
                text45                             1274     1274        D         0
                text44                             122E     122E        9         0
                text43                             1237     1237        9         0
                text42                             1253     1253        B         0
                text41                             12F8     12F8       1E         0
                text40                             15E3     15E3       4F         0
                text39                              B61      B61      157         0
                text38                              85F      85F       65         0
                text37                              806      806       59         0
                text36                             1336     1336       21         0
                text35                             1240     1240        9         0
                text34                             13E5     13E5       2B         0
                text33                              CB8      CB8      19D         0
                text32                             14FF     14FF       34         0
                text31                             1410     1410       2B         0
                text30                             173A     173A       63         0
                text29                             16D8     16D8       62         0
                text28                             1682     1682       56         0
                text27                             125E     125E        B         0
                text26                              AC4      AC4       9D         0
                text25                             1293     1293       13         0
                text24                             1468     1468       32         0
                text23                              788      788       71         0
                text22                              7F9      7F9        7         0
                text21                             179D     179D       63         0
                text20                             1269     1269        B         0
                text19                              800      800        6         0
                text18                             1399     1399       24         0
                text17                             12B9     12B9       14         0
                text16                              8C4      8C4       66         0
                text15                             1533     1533       34         0
                text14                             1249     1249        A         0
                text13                             149A     149A       32         0
                text12                             13BD     13BD       28         0
                text11                              4B6      4B6       45         0
                text10                             143B     143B       2D         0
                text9                              1567     1567       38         0
                text8                               92A      92A       7F         0
                text7                               407      407       AF         0
                text6                              1357     1357       21         0
                text5                               A32      A32       92         0
                text4                              1378     1378       21         0
                text3                               E55      E55      1AB         0
                text2                               6D7      6D7       B1         0
                text1                               9A9      9A9       89         0
                maintext                             4C       4C      3BB         0
                clrtext                            1226     1226        8         0
                inittext                           12A6     12A6       13         0
                idataBANK1                         12E2     12E2       16         0
                idataBANK0                          4FB      4FB        5         0
                idataCOMMON                        1224     1224        2         0

        CLASS   STRCODE        
                stringtext                          500      500      1D7         0

        CLASS   STRING         
                strings                            1000     1000       12         0

        CLASS   CONST          

        CLASS   ENTRY          

        CLASS   COMMON         
                cstackCOMMON                         70       70        7         1
                dataCOMMON                           79       79        2         1
                bssCOMMON                            77       77        2         1

        CLASS   BANK0          
                cstackBANK0                          45       45       1C         1
                dataBANK0                            61       61        5         1
                bssBANK0                             20       20       25         1

        CLASS   BANK1          
                cstackBANK1                          DE       DE        C         1
                dataBANK1                            C8       C8       16         1
                bssBANK1                             A0       A0       28         1

        CLASS   BANK2          

        CLASS   BANK3          

        CLASS   RAM            

        CLASS   ABS1           
                abs_s1                               7E       7E        2         1

        CLASS   SFR0           

        CLASS   SFR1           

        CLASS   SFR2           

        CLASS   SFR3           

        CLASS   CONFIG         
                config                             2007     2007        1         4

        CLASS   IDLOC          
                idloc                              2000     2000        4         5

        CLASS   EEDATA         

        CLASS   HEAP           

        CLASS   STACK          



SEGMENTS        Name                           Load    Length   Top    Selector   Space  Class     Delta

                reset_vec                      000000  000003  000003         0       0  CODE        2
                intentry                       000004  0004FC  000500         8       0  CODE        2
                bssBANK0                       000020  000046  000066        20       1  BANK0       1
                cstackCOMMON                   000070  00000B  00007B        70       1  COMMON      1
                bssBANK1                       0000A0  00004A  0000EA        A0       1  BANK1       1
                stringtext                     000500  0001D7  0006D7         A       0  STRCODE     2
                text2                          0006D7  00012F  000806       DAE       0  CODE        2
                text37                         000806  000059  00085F      100C       0  CODE        2
                text38                         00085F  000065  0008C4      10BE       0  CODE        2
                text16                         0008C4  000066  00092A      1188       0  CODE        2
                text8                          00092A  00007F  0009A9      1254       0  CODE        2
                text1                          0009A9  000089  000A32      1352       0  CODE        2
                text5                          000A32  000092  000AC4      1464       0  CODE        2
                text26                         000AC4  00009D  000B61      1588       0  CODE        2
                text39                         000B61  000157  000CB8      16C2       0  CODE        2
                text33                         000CB8  00019D  000E55      1970       0  CODE        2
                text3                          000E55  0001AB  001000      1CAA       0  CODE        2
                strings                        001000  000012  001012      2000       0  STRING      2
                idataCOMMON                    001224  000002  001226      2448       0  CODE        2
                clrtext                        001226  000008  00122E      244C       0  CODE        2
                text44                         00122E  000009  001237      245C       0  CODE        2
                text43                         001237  000009  001240      246E       0  CODE        2
                text35                         001240  000009  001249      2480       0  CODE        2
                text14                         001249  00000A  001253      2492       0  CODE        2
                text42                         001253  00000B  00125E      24A6       0  CODE        2
                text27                         00125E  00000B  001269      24BC       0  CODE        2
                text20                         001269  00000B  001274      24D2       0  CODE        2
                text45                         001274  00000D  001281      24E8       0  CODE        2
                text46                         001281  000012  001293      2502       0  CODE        2
                text25                         001293  000013  0012A6      2526       0  CODE        2
                inittext                       0012A6  000013  0012B9      254C       0  CODE        2
                text17                         0012B9  000014  0012CD      2572       0  CODE        2
                text47                         0012CD  000015  0012E2      259A       0  CODE        2
                idataBANK1                     0012E2  000016  0012F8      25C4       0  CODE        2
                text41                         0012F8  00001E  001316      25F0       0  CODE        2
                text49                         001316  000020  001336      262C       0  CODE        2
                text36                         001336  000021  001357      266C       0  CODE        2
                text6                          001357  000021  001378      26AE       0  CODE        2
                text4                          001378  000021  001399      26F0       0  CODE        2
                text18                         001399  000024  0013BD      2732       0  CODE        2
                text12                         0013BD  000028  0013E5      277A       0  CODE        2
                text34                         0013E5  00002B  001410      27CA       0  CODE        2
                text31                         001410  00002B  00143B      2820       0  CODE        2
                text10                         00143B  00002D  001468      2876       0  CODE        2
                text24                         001468  000032  00149A      28D0       0  CODE        2
                text13                         00149A  000032  0014CC      2934       0  CODE        2
                text48                         0014CC  000033  0014FF      2998       0  CODE        2
                text32                         0014FF  000034  001533      29FE       0  CODE        2
                text15                         001533  000034  001567      2A66       0  CODE        2
                text9                          001567  000038  00159F      2ACE       0  CODE        2
                text50                         00159F  000044  0015E3      2B3E       0  CODE        2
                text40                         0015E3  00004F  001632      2BC6       0  CODE        2
                text51                         001632  000050  001682      2C64       0  CODE        2
                text28                         001682  000056  0016D8      2D04       0  CODE        2
                text29                         0016D8  000062  00173A      2DB0       0  CODE        2
                text30                         00173A  000063  00179D      2E74       0  CODE        2
                text21                         00179D  000063  001800      2F3A       0  CODE        2


UNUSED ADDRESS RANGES

        Name                Unused          Largest block    Delta
        BANK0            0066-006F              A           1
        BANK1            00EA-00EF              6           1
        BANK2            0110-016F             60           1
        BANK3            0190-01EF             60           1
        CODE             0003-0003              1           2
                         1012-1223            212
                         1800-1FFF            800
        COMMON           007B-007D              3           1
        CONST            0003-0003              1           2
                         1012-1223            100
                         1800-1FFF            100
        EEDATA           2100-21FF            100           2
        ENTRY            0003-0003              1           2
                         1012-1223            100
                         1800-1FFF            100
        RAM              0066-006F              A           1
                         00EA-00EF              6
                         0110-016F             60
                         0190-01EF             60
        SFR0             0000-001F             20           1
        SFR1             0080-009F             20           1
        SFR2             0100-010F             10           1
        SFR3             0180-018F             10           1
        STRCODE          0003-0003              1           2
                         1012-1223            212
                         1800-1FFF            800
        STRING           0003-0003              1           2
                         1012-1223            100
                         1800-1FFF            100

                                  Symbol Table

?___awdiv                            cstackCOMMON 0073
?___awmod                            cstackCOMMON 0073
?___lldiv                            cstackBANK0  0045
?___lwdiv                            cstackBANK0  0048
?_read_adc                           cstackCOMMON 0073
?_strncmp                            cstackCOMMON 0073
_ACKDT                               (abs)        048D
_ACKEN                               (abs)        048C
_ACKSTAT                             (abs)        048E
_ADCON0                              (abs)        001F
_ADFM                                (abs)        04FF
_ADON                                (abs)        00F8
_ADRESH                              (abs)        001E
_ADRESL                              (abs)        009E
_CREN                                (abs)        00C4
_GIE                                 (abs)        005F
_GO                                  (abs)        00FA
_PEIE                                (abs)        005E
_PEN                                 (abs)        048A
_PORTB                               (abs)        0006
_PORTD                               (abs)        0008
_PR2                                 (abs)        0092
_RCEN                                (abs)        048B
_RCIF                                (abs)        0065
_RCREG                               (abs)        001A
_RE1                                 (abs)        0049
_RE2                                 (abs)        004A
_RSEN                                (abs)        0489
_R_nW                                (abs)        04A2
_SEN                                 (abs)        0488
_SPBRG                               (abs)        0099
_SPEN                                (abs)        00C7
_SSPADD                              (abs)        0093
_SSPBUF                              (abs)        0013
_SSPCON2                             (abs)        0091
_SSPEN                               (abs)        00A5
_SSPM3                               (abs)        00A3
_TMR2IE                              (abs)        0461
_TMR2IF                              (abs)        0061
_TMR2ON                              (abs)        0092
_TRISB                               (abs)        0086
_TRISD                               (abs)        0088
_TRISE1                              (abs)        0449
_TRISE2                              (abs)        044A
_TXIF                                (abs)        0064
_TXREG                               (abs)        0019
__H__absolute__                      __absolute__ 0000
__Habs1                              abs1         0000
__Hbank0                             bank0        0000
__Hbank1                             bank1        0000
__Hbank2                             bank2        0000
__Hbank3                             bank3        0000
__HbssBANK0                          bssBANK0     0000
__HbssBANK1                          bssBANK1     0000
__HbssCOMMON                         bssCOMMON    0000
__Hcinit                             cinit        004C
__Hclrtext                           clrtext      0000
__Hcode                              code         0000
__Hcommon                            common       0000
__Hconfig                            config       2008
__HcstackBANK0                       cstackBANK0  0000
__HcstackBANK1                       cstackBANK1  0000
__HcstackCOMMON                      cstackCOMMON 0000
__HdataBANK0                         dataBANK0    0000
__HdataBANK1                         dataBANK1    0000
__HdataCOMMON                        dataCOMMON   0000
__Heeprom_data                       eeprom_data  0000
__Hend_init                          end_init     000F
__Hfunctab                           functab      0000
__Hheap                              heap         0000
__HidataBANK0                        idataBANK0   0000
__HidataBANK1                        idataBANK1   0000
__HidataCOMMON                       idataCOMMON  0000
__Hidloc                             idloc        2004
__Hinit                              init         000C
__Hinittext                          inittext     0000
__Hintentry                          intentry     000C
__Hmaintext                          maintext     0000
__Hpowerup                           powerup      0000
__Hram                               ram          0000
__Hreset_vec                         reset_vec    0003
__Hsfr0                              sfr0         0000
__Hsfr1                              sfr1         0000
__Hsfr2                              sfr2         0000
__Hsfr3                              sfr3         0000
__Hsivt                              sivt         000C
__Hspace_0                           (abs)        1800
__Hspace_1                           (abs)        00EA
__Hspace_2                           (abs)        0000
__Hspace_3                           (abs)        0000
__Hspace_4                           (abs)        400F
__Hstack                             stack        0000
__Hstrings                           strings      0000
__Hstringtext                        stringtext   0000
__Htext                              text         0000
__L__absolute__                      __absolute__ 0000
__Labs1                              abs1         0000
__Lbank0                             bank0        0000
__Lbank1                             bank1        0000
__Lbank2                             bank2        0000
__Lbank3                             bank3        0000
__LbssBANK0                          bssBANK0     0000
__LbssBANK1                          bssBANK1     0000
__LbssCOMMON                         bssCOMMON    0000
__Lcinit                             cinit        000F
__Lclrtext                           clrtext      0000
__Lcode                              code         0000
__Lcommon                            common       0000
__Lconfig                            config       0000
__LcstackBANK0                       cstackBANK0  0000
__LcstackBANK1                       cstackBANK1  0000
__LcstackCOMMON                      cstackCOMMON 0000
__LdataBANK0                         dataBANK0    0000
__LdataBANK1                         dataBANK1    0000
__LdataCOMMON                        dataCOMMON   0000
__Leeprom_data                       eeprom_data  0000
__Lend_init                          end_init     000C
__Lfunctab                           functab      0000
__Lheap                              heap         0000
__LidataBANK0                        idataBANK0   0000
__LidataBANK1                        idataBANK1   0000
__LidataCOMMON                       idataCOMMON  0000
__Lidloc                             idloc        0000
__Linit                              init         000C
__Linittext                          inittext     0000
__Lintentry                          intentry     0004
__Lmaintext                          maintext     0000
__Lpowerup                           powerup      0000
__Lram                               ram          0000
__Lreset_vec                         reset_vec    0000
__Lsfr0                              sfr0         0000
__Lsfr1                              sfr1         0000
__Lsfr2                              sfr2         0000
__Lsfr3                              sfr3         0000
__Lsivt                              sivt         000C
__Lspace_0                           (abs)        0000
__Lspace_1                           (abs)        0000
__Lspace_2                           (abs)        0000
__Lspace_3                           (abs)        0000
__Lspace_4                           (abs)        0000
__Lstack                             stack        0000
__Lstrings                           strings      0000
__Lstringtext                        stringtext   0000
__Ltext                              text         0000
__S0                                 (abs)        1800
__S1                                 (abs)        00EA
__S3                                 (abs)        0000
___awdiv                             text38       085F
___awdiv@counter                     cstackBANK0  0045
___awdiv@dividend                    cstackCOMMON 0075
___awdiv@divisor                     cstackCOMMON 0073
___awdiv@quotient                    cstackBANK0  0047
___awdiv@sign                        cstackBANK0  0046
___awmod                             text37       0806
___awmod@counter                     cstackBANK0  0045
___awmod@dividend                    cstackCOMMON 0075
___awmod@divisor                     cstackCOMMON 0073
___awmod@sign                        cstackBANK0  0046
___bmul                              text25       1293
___bmul@multiplicand                 cstackCOMMON 0073
___bmul@multiplier                   cstackCOMMON 0075
___bmul@product                      cstackCOMMON 0074
___heap_hi                           (abs)        0000
___heap_lo                           (abs)        0000
___int_sp                            stack        0000
___int_stack_hi                      stack        0000
___int_stack_lo                      stack        0000
___latbits                           (abs)        0002
___lldiv                             text16       08C4
___lldiv@counter                     cstackBANK0  0051
___lldiv@dividend                    cstackBANK0  0049
___lldiv@divisor                     cstackBANK0  0045
___lldiv@quotient                    cstackBANK0  004D
___lwdiv                             text50       159F
___lwdiv@counter                     cstackBANK0  004C
___lwdiv@dividend                    cstackBANK0  004A
___lwdiv@divisor                     cstackBANK0  0048
___lwdiv@quotient                    cstackBANK0  004D
___sp                                stack        0000
___stack_hi                          stack        0000
___stack_lo                          stack        0000
___stackhi                           (abs)        0000
___stacklo                           (abs)        0000
__end_of___awdiv                     text38       08C4
__end_of___awmod                     text37       085F
__end_of___bmul                      text25       12A6
__end_of___lldiv                     text16       092A
__end_of___lwdiv                     text50       15E3
__end_of__initialization             cinit        0048
__end_of__stringtab                  strings      1012
__end_of_change_password             text39       0CB8
__end_of_check_password              text33       0E55
__end_of_clcd_print                  text48       14FF
__end_of_clcd_putch                  text47       12E2
__end_of_clcd_write                  text49       1336
__end_of_clear_log                   text32       1533
__end_of_clear_screen                text46       1293
__end_of_display_dashboard           text28       16D8
__end_of_display_log                 text2        0788
__end_of_display_time                text29       173A
__end_of_display_uart                text26       0B61
__end_of_download_log                text23       07F9
__end_of_ext_eeprom_24C02_read       text34       1410
__end_of_ext_eeprom_24c02_byte_write text41       1316
__end_of_ext_eeprom_24c02_str_write  text10       1468
__end_of_get_log                     text24       149A
__end_of_get_time                    text30       179D
__end_of_i2c_read                    text36       1357
__end_of_i2c_rep_start               text35       1249
__end_of_i2c_start                   text44       1237
__end_of_i2c_stop                    text43       1240
__end_of_i2c_wait_for_idle           text45       1281
__end_of_i2c_write                   text42       125E
__end_of_init_adc                    text22       0800
__end_of_init_clcd                   text20       1274
__end_of_init_config                 text11       04FB
__end_of_init_digital_keypad         text19       0806
__end_of_init_display_controller     text21       1800
__end_of_init_ds1307                 text17       12CD
__end_of_init_i2c                    text15       1567
__end_of_init_timer2                 text14       1253
__end_of_init_uart                   text13       14CC
__end_of_isr                         text51       1682
__end_of_log_event                   text8        09A9
__end_of_main                        maintext     0407
__end_of_menu_screen                 text7        04B6
__end_of_putchar                     text27       1269
__end_of_puts                        text12       13E5
__end_of_read_adc                    text6        1378
__end_of_read_digital_keypad         text5        0AC4
__end_of_read_ds1307                 text31       143B
__end_of_set_time                    text3        1000
__end_of_strcpy                      text4        1399
__end_of_strncmp                     text40       1632
__end_of_strncpy                     text9        159F
__end_of_view_log                    text1        0A32
__end_of_write_ds1307                text18       13BD
__initialization                     cinit        000F
__pbssBANK0                          bssBANK0     0020
__pbssBANK1                          bssBANK1     00A0
__pbssCOMMON                         bssCOMMON    0077
__pcstackBANK0                       cstackBANK0  0045
__pcstackBANK1                       cstackBANK1  00DE
__pcstackCOMMON                      cstackCOMMON 0070
__pdataBANK0                         dataBANK0    0061
__pdataBANK1                         dataBANK1    00C8
__pdataCOMMON                        dataCOMMON   0079
__pidataBANK0                        idataBANK0   04FB
__pidataBANK1                        idataBANK1   12E2
__pidataCOMMON                       idataCOMMON  1224
__pintentry                          intentry     0004
__pmaintext                          maintext     004C
__pstrings                           strings      1000
__pstringtext                        stringtext   0500
__ptext1                             text1        09A9
__ptext10                            text10       143B
__ptext11                            text11       04B6
__ptext12                            text12       13BD
__ptext13                            text13       149A
__ptext14                            text14       1249
__ptext15                            text15       1533
__ptext16                            text16       08C4
__ptext17                            text17       12B9
__ptext18                            text18       1399
__ptext19                            text19       0800
__ptext2                             text2        06D7
__ptext20                            text20       1269
__ptext21                            text21       179D
__ptext22                            text22       07F9
__ptext23                            text23       0788
__ptext24                            text24       1468
__ptext25                            text25       1293
__ptext26                            text26       0AC4
__ptext27                            text27       125E
__ptext28                            text28       1682
__ptext29                            text29       16D8
__ptext3                             text3        0E55
__ptext30                            text30       173A
__ptext31                            text31       1410
__ptext32                            text32       14FF
__ptext33                            text33       0CB8
__ptext34                            text34       13E5
__ptext35                            text35       1240
__ptext36                            text36       1336
__ptext37                            text37       0806
__ptext38                            text38       085F
__ptext39                            text39       0B61
__ptext4                             text4        1378
__ptext40                            text40       15E3
__ptext41                            text41       12F8
__ptext42                            text42       1253
__ptext43                            text43       1237
__ptext44                            text44       122E
__ptext45                            text45       1274
__ptext46                            text46       1281
__ptext47                            text47       12CD
__ptext48                            text48       14CC
__ptext49                            text49       1316
__ptext5                             text5        0A32
__ptext50                            text50       159F
__ptext51                            text51       1632
__ptext6                             text6        1357
__ptext7                             text7        0407
__ptext8                             text8        092A
__ptext9                             text9        1567
__stringbase                         strings      1012
__stringtab                          strings      1000
_change_password                     text39       0B61
_check_password                      text33       0CB8
_clcd_print                          text48       14CC
_clcd_putch                          text47       12CD
_clcd_write                          text49       1316
_clear_log                           text32       14FF
_clear_screen                        text46       1281
_clock_reg                           bssBANK0     0020
_display_dashboard                   text28       1682
_display_log                         text2        06D7
_display_time                        text29       16D8
_display_uart                        text26       0AC4
_download_log                        text23       0788
_ext_eeprom_24C02_read               text34       13E5
_ext_eeprom_24c02_byte_write         text41       12F8
_ext_eeprom_24c02_str_write          text10       143B
_gear                                dataBANK1    00C8
_get_log                             text24       1468
_get_time                            text30       173A
_held_key                            dataCOMMON   007A
_i2c_read                            text36       1336
_i2c_rep_start                       text35       1240
_i2c_start                           text44       122E
_i2c_stop                            text43       1237
_i2c_wait_for_idle                   text45       1274
_i2c_write                           text42       1253
_init_adc                            text22       07F9
_init_clcd                           text20       1269
_init_config                         text11       04B6
_init_digital_keypad                 text19       0800
_init_display_controller             text21       179D
_init_ds1307                         text17       12B9
_init_i2c                            text15       1533
_init_timer2                         text14       1249
_init_uart                           text13       149A
_isr                                 text51       1632
_log                                 bssBANK1     00AB
_log_count                           dataBANK0    0064
_log_event                           text8        092A
_long_press                          bssCOMMON    0078
_main                                maintext     004C
_menu                                dataBANK1    00D4
_menu_screen                         text7        0407
_nDONE                               (abs)        00FA
_newHr                               bssBANK0     0036
_newMin                              bssBANK0     0037
_newSec                              bssBANK0     0038
_pos                                 bssBANK0     0035
_putchar                             text27       125E
_puts                                text12       13BD
_read_adc                            text6        1357
_read_digital_keypad                 text5        0A32
_read_ds1307                         text31       1410
_return_time                         bssBANK0     0034
_saved_log                           bssBANK1     00A0
_set_time                            text3        0E55
_strcpy                              text4        1378
_strncmp                             text40       15E3
_strncpy                             text9        1567
_time                                bssBANK1     00BD
_view_log                            text1        09A9
_wait_time                           bssBANK0     0033
_write_ds1307                        text18       1399
btemp                                (abs)        007E
btemp0                               (abs)        007E
btemp1                               (abs)        007F
change_password@i                    bssBANK0     002C
change_password@i_409                cstackBANK0  0050
change_password@j                    bssBANK0     002B
change_password@key                  cstackBANK0  004B
change_password@password_1           bssBANK0     003D
change_password@password_2           bssBANK0     0039
change_password@reset_flag           cstackBANK0  004F
check_password@attempts              bssBANK0     0032
check_password@i                     bssBANK0     0031
check_password@j                     cstackBANK0  0050
check_password@key                   cstackBANK0  004F
check_password@reset_flag            cstackBANK0  004B
check_password@saved_pass            bssBANK1     00C4
check_password@user_pass             bssBANK0     0041
clcd_print@addr                      cstackBANK0  0047
clcd_print@str                       cstackBANK0  0045
clcd_putch@addr                      cstackBANK0  0049
clcd_putch@data                      cstackBANK0  004A
clcd_write@byte                      cstackCOMMON 0076
clcd_write@mode                      cstackCOMMON 0073
clear_log@reset_flag                 cstackBANK0  004B
clear_ram0                           clrtext      1226
display_dashboard@event              cstackBANK0  004B
display_dashboard@speed              cstackBANK0  004C
display_log@log_pos                  cstackBANK0  004D
display_uart@log_pos                 cstackBANK0  004A
download_log@i                       cstackBANK0  004E
end_of_initialization                cinit        0048
ext_eeprom_24C02_read@addr           cstackCOMMON 0075
ext_eeprom_24C02_read@data           cstackCOMMON 0076
ext_eeprom_24c02_byte_write@addr     cstackCOMMON 0075
ext_eeprom_24c02_byte_write@data     cstackCOMMON 0074
ext_eeprom_24c02_str_write@addr      cstackCOMMON 0076
ext_eeprom_24c02_str_write@str       cstackBANK0  0045
get_log@addr                         cstackBANK0  0046
get_log@i                            cstackBANK0  0047
get_log@log_pos                      cstackBANK0  0045
i2c_read@ack                         cstackCOMMON 0073
i2c_read@data                        cstackCOMMON 0074
i2c_write@data                       cstackCOMMON 0073
init_ds1307@dummy                    cstackBANK0  004B
init_fetch0                          inittext     12A6
init_i2c@baud                        cstackBANK0  0052
init_ram0                            inittext     12AA
init_uart@baud                       cstackBANK0  0052
interrupt_function                   intentry     0004
intlevel0                            functab      0000
intlevel1                            functab      0000
intlevel2                            functab      0000
intlevel3                            functab      0000
intlevel4                            functab      0000
intlevel5                            functab      0000
isr@count                            bssBANK0     0025
isr@current                          cstackCOMMON 0072
isr@hold_count                       bssBANK0     0023
log_event@addr                       cstackBANK0  004D
log_event@event                      cstackBANK0  0049
log_event@speed                      cstackBANK0  004A
ltemp0a                              (abs)        0080
main@F1255                           dataBANK0    0061
main@event                           cstackBANK1  00E2
main@gr                              cstackBANK1  00E5
main@key                             cstackBANK1  00E9
main@menu_pos                        cstackBANK1  00E1
main@reset_flag                      cstackBANK1  00E7
main@screen_flag                     cstackBANK1  00E8
main@speed                           cstackBANK1  00E6
main@view_return                     cstackBANK1  00E0
main@wait                            cstackBANK1  00DE
menu_screen@key                      cstackBANK0  004B
menu_screen@menu_pos                 bssBANK0     0030
menu_screen@reset_flag               cstackBANK0  004E
putchar@data                         cstackBANK0  0047
puts@s                               cstackBANK0  0048
read_adc@channel                     cstackBANK0  0045
read_adc@reg_val                     cstackBANK0  0046
read_digital_keypad@current          cstackCOMMON 0075
read_digital_keypad@k                cstackCOMMON 0073
read_digital_keypad@long_press_flag  bssCOMMON    0077
read_digital_keypad@mode             cstackCOMMON 0074
read_digital_keypad@once             dataCOMMON   0079
read_digital_keypad@prev_key         dataBANK0    0065
read_ds1307@addr                     cstackCOMMON 0075
read_ds1307@data                     cstackCOMMON 0076
reset_vec                            reset_vec    0000
saved_w                              (abs)        007E
set_time@blink                       bssBANK0     0029
set_time@blink_delay                 bssBANK0     0027
set_time@i                           bssBANK0     002E
set_time@j                           bssBANK0     002D
set_time@key                         cstackBANK0  004B
set_time@newTime                     bssBANK1     00B6
set_time@reset_flag                  cstackBANK0  004E
start                                init         000C
start_initialization                 cinit        000F
strcpy@d                             cstackCOMMON 0076
strcpy@dest                          cstackCOMMON 0073
strcpy@src                           cstackCOMMON 0074
strncmp@l                            cstackCOMMON 0073
strncmp@n                            cstackCOMMON 0075
strncmp@r                            cstackCOMMON 0074
strncpy@cp                           cstackBANK0  0046
strncpy@d                            cstackCOMMON 0073
strncpy@n                            cstackCOMMON 0075
strncpy@s                            cstackCOMMON 0074
ttemp0a                              (abs)        007F
view_log@key                         cstackBANK0  004E
view_log@log_pos                     bssBANK0     002F
view_log@reset_flag                  cstackBANK0  0052
write_ds1307@addr                    cstackBANK0  004A
write_ds1307@data                    cstackBANK0  0049
wtemp0                               (abs)        007E
wtemp0a                              (abs)        007F


MODULE INFORMATION

Module		Function		Class		Link	Load	Size
timers.c
		_init_timer2   		CODE           	1249	0000	10

timers.c estimated size: 10

digital_keypad.c
		_init_digital_keypad		CODE           	0800	0000	6
		_read_digital_keypad		CODE           	0A32	0000	146

digital_keypad.c estimated size: 152

C:\Program Files\Microchip\xc8\v3.10\pic\sources\c99\common\awmod.c
		___awmod       		CODE           	0806	0000	89

C:\Program Files\Microchip\xc8\v3.10\pic\sources\c99\common\awmod.c estimated size: 89

uart.c
		_init_uart     		CODE           	149A	0000	50
		_puts          		CODE           	13BD	0000	40
		_putchar       		CODE           	125E	0000	11

uart.c estimated size: 101

i2c.c
		_i2c_start     		CODE           	122E	0000	9
		_i2c_rep_start 		CODE           	1240	0000	9
		_i2c_write     		CODE           	1253	0000	11
		_i2c_stop      		CODE           	1237	0000	9
		_i2c_read      		CODE           	1336	0000	33
		_init_i2c      		CODE           	1533	0000	52
		_i2c_wait_for_idle		CODE           	1274	0000	13

i2c.c estimated size: 136

CLCD.c
		_clcd_write    		CODE           	1316	0000	32
		_clear_screen  		CODE           	1281	0000	18
		_clcd_print    		CODE           	14CC	0000	51
		_clcd_putch    		CODE           	12CD	0000	21
		_init_display_controller		CODE           	179D	0000	99
		_init_clcd     		CODE           	1269	0000	11

CLCD.c estimated size: 232

ds1307.c
		_read_ds1307   		CODE           	1410	0000	43
		_write_ds1307  		CODE           	1399	0000	36
		_init_ds1307   		CODE           	12B9	0000	20

ds1307.c estimated size: 99

C:\Program Files\Microchip\xc8\v3.10\pic\sources\c99\common\lwdiv.c
		___lwdiv       		CODE           	159F	0000	68

C:\Program Files\Microchip\xc8\v3.10\pic\sources\c99\common\lwdiv.c estimated size: 68

eeprom.c
		_ext_eeprom_24c02_str_write		CODE           	143B	0000	45
		_ext_eeprom_24c02_byte_write		CODE           	12F8	0000	30
		_ext_eeprom_24C02_read		CODE           	13E5	0000	43

eeprom.c estimated size: 118

C:\Program Files\Microchip\xc8\v3.10\pic\sources\c99\common\awdiv.c
		___awdiv       		CODE           	085F	0000	101

C:\Program Files\Microchip\xc8\v3.10\pic\sources\c99\common\awdiv.c estimated size: 101

helper.c
		_view_log      		CODE           	09A9	0000	137
		_get_log       		CODE           	1468	0000	50
		_display_log   		CODE           	06D7	0000	177
		_display_time  		CODE           	16D8	0000	98
		_display_uart  		CODE           	0AC4	0000	157
		_menu_screen   		CODE           	0407	0000	175
		_change_password		CODE           	0B61	0000	343
		_display_dashboard		CODE           	1682	0000	86
		_get_time      		CODE           	173A	0000	99
		_check_password		CODE           	0CB8	0000	413
		_download_log  		CODE           	0788	0000	113
		_log_event     		CODE           	092A	0000	127
		_set_time      		CODE           	0E55	0000	427
		_clear_log     		CODE           	14FF	0000	52

helper.c estimated size: 2454

adc.c
		_init_adc      		CODE           	07F9	0000	7
		_read_adc      		CODE           	1357	0000	33

adc.c estimated size: 40

C:\Program Files\Microchip\xc8\v3.10\pic\sources\c99\common\Umul8.c
		___bmul        		CODE           	1293	0000	19

C:\Program Files\Microchip\xc8\v3.10\pic\sources\c99\common\Umul8.c estimated size: 19

isr.c
		_isr           		CODE           	1632	0000	80

isr.c estimated size: 80

shared
		__stringtab    		STRING         	1000	0000	18
		__initialization		CODE           	000F	0000	57

shared estimated size: 75

C:\Program Files\Microchip\xc8\v3.10\pic\sources\c99\common\strcpy.c
		_strcpy        		CODE           	1378	0000	33

C:\Program Files\Microchip\xc8\v3.10\pic\sources\c99\common\strcpy.c estimated size: 33

C:\Program Files\Microchip\xc8\v3.10\pic\sources\c99\common\strncmp.c
		_strncmp       		CODE           	15E3	0000	79

C:\Program Files\Microchip\xc8\v3.10\pic\sources\c99\common\strncmp.c estimated size: 79

C:\Program Files\Microchip\xc8\v3.10\pic\sources\c99\common\strncpy.c
		_strncpy       		CODE           	1567	0000	56

C:\Program Files\Microchip\xc8\v3.10\pic\sources\c99\common\strncpy.c estimated size: 56

C:\Program Files\Microchip\xc8\v3.10\pic\sources\c99\common\__lldiv.c
		___lldiv       		CODE           	08C4	0000	102

C:\Program Files\Microchip\xc8\v3.10\pic\sources\c99\common\__lldiv.c estimated size: 102

main.c
		_main          		CODE           	004C	0000	955
		_init_config   		CODE           	04B6	0000	69

main.c estimated size: 1024

